🧪 E2E Test Runner
==================

📡 Checking if Firebase emulators are running...
✓ Firestore emulator is running on port 8080

📥 Downloading test images (cached images will be skipped)...
📥 Loading test data...
🔍 Extracting JAN codes from first 10 records...
   Found 7 unique JAN codes
   Filtering 3700 records by these JAN codes...
   Will process 741 matching records
   Found 5 unique image URLs

📦 Downloading images...
   ✓ Cached: https://cdn.askul.co.jp/img/product/3L1/KR41667_3L1.jpg...
   ✓ Cached: https://tshop.r10s.jp/hyakuemon/cabinet/4510085530713.jpg?fi...
   ✓ Cached: https://bci.kinokuniya.com/jsp/images/book-img/49027/4902778...
   ✓ Cached: https://cdn.getshifter.co/d299a556d96edb77676c949380ed2e36fe...
   ✓ Cached: https://tshop.r10s.jp/tantan/cabinet/m003/116/3116193.jpg?fi...

✅ Download complete!
   Success: 5
   Failed: 0
   Mapping saved to: /Users/anicolao/projects/antigravity/admin2/e2e/test-images/url-mapping.json

🔗 Creating symlink for test images...

📦 Loading test data into emulator with local images...
🔧 Connected to Firestore emulator at localhost:8080

📥 Loading test data from /Users/anicolao/projects/antigravity/admin2/test-data/firestore-export.json...
   Exported at: 2025-10-26T01:59:50.820Z

🧹 Clearing existing data from emulator...
   Deleting 741 docs from broadcast...
   Deleting 73 docs from dobutsu...
   Deleting 4 docs from users...
   ✓ Emulator data cleared
   📍 Loaded 5 image URL mappings
   ⚠️  Match JAN codes mode: Loading records matching JAN codes from first 10 records
   Found 7 unique JAN codes in first 10 records

  Loading broadcast (741 docs)...
    (Filtered 3700 broadcast events to 741 matching JAN codes)
    Committed batch of 100 documents
    Committed batch of 100 documents
    Committed batch of 100 documents
    Committed batch of 100 documents
    Committed batch of 100 documents
    Committed batch of 100 documents
    Committed batch of 100 documents
    Committed final batch of 41 documents
    ✓ Loaded 741 documents to broadcast
    ✓ Rewrote 21 image URLs to local paths

  Loading users (4 docs)...
    Committed final batch of 4 documents
    ✓ Loaded 4 documents to users

  Loading dobutsu (73 docs)...
    Committed final batch of 73 documents
    ✓ Loaded 73 documents to dobutsu

✅ Test data loaded successfully with local images


🏗️  Building application for emulator mode...

> dobutsu-admin@0.0.1 build:local
> vite build --mode emulator


vite v4.5.14 building SSR bundle for emulator...
transforming...
7:48:57 PM [vite-plugin-svelte] /Users/anicolao/projects/antigravity/admin2/src/routes/audit/+page.svelte:155:17 A11y: Avoid using autofocus
153:                  placeholder="Search logs..." 
154:                  class="search-input"
155:                  autoFocus
                      ^
156:                />
157:                <span class="search-hint">Searching local history...</span>
7:48:57 PM [vite-plugin-svelte] /Users/anicolao/projects/antigravity/admin2/src/routes/devtools/+page.svelte:72:19 A11y: <span> with click handler must have an ARIA role
70:              >
71:                {#if group.children.length > 0}
72:                    <span 
                       ^
73:                      class="twisty" 
74:                      class:expanded={group.expanded}
7:48:57 PM [vite-plugin-svelte] /Users/anicolao/projects/antigravity/admin2/src/routes/listing-detail/+page.svelte:262:27 A11y: <div> with mouseenter, mouseleave handlers must have an ARIA role
260:                    <div class="thumbnails-grid">
261:                        {#each galleryImages as img}
262:                            <div 
                                ^
263:                                 class="thumbnail-wrapper"
264:                                 on:mouseenter={() => handleThumbnailHover(img)}
7:48:57 PM [vite-plugin-svelte] /Users/anicolao/projects/antigravity/admin2/src/routes/listing-detail/+page.svelte:346:22 A11y: A form label must be associated with a control.
344:                {#if associatedItems.length > 1}
345:                   <div class="options-block">
346:                       <label class="option-label">{listing.option1Name || 'Option'}</label>
                           ^
347:                       <div class="options-list">
348:                           {#each associatedItems as item}
7:48:57 PM [vite-plugin-svelte] /Users/anicolao/projects/antigravity/admin2/src/routes/listing-detail/+page.svelte:362:19 A11y: A form label must be associated with a control.
360:                <!-- Actions & Quantity (Unchanged) -->
361:                <div class="quantity-block">
362:                    <label class="option-label">Quantity</label>
                        ^
363:                    <div class="quantity-selector">
364:                        <button class="qty-btn">-</button>
7:48:57 PM [vite-plugin-svelte] /Users/anicolao/projects/antigravity/admin2/src/routes/listing-detail/+page.svelte:373:51 A11y: '#' is not a valid href attribute
371:                    <button class="btn-add-cart">Add to cart</button>
372:                    <button class="btn-buy-shop">Buy with <span class="shop-logo">shop</span></button>
373:                    <div class="payment-options"><a href="#" class="payment-link">More payment options</a></div>
                                                        ^
374:                </div>
375:                
7:48:57 PM [vite-plugin-svelte] /Users/anicolao/projects/antigravity/admin2/src/routes/listing-detail/+page.svelte:440:2 Unused CSS selector ".thumbnail-btn.selected"
438:   .thumbnail-wrapper { position: relative; width: 23%; aspect-ratio: 1 / 1; }
439:   .thumbnail-btn { width: 100%; height: 100%; border: 1px solid #e5e7eb; border-radius: 4px; overflow: hidden; cursor: pointer; padding: 0; background: white; opacity: 1; transition: opacity 0.2s; position: relative; }
440:   .thumbnail-btn.selected { border-color: #3b82f6; box-shadow: 0 0 0 1px #3b82f6; }
       ^
441:   .thumbnail-img { width: 100%; height: 100%; object-fit: cover; }
442:   
7:48:58 PM [vite-plugin-svelte] /Users/anicolao/projects/antigravity/admin2/src/routes/photos/+page.svelte:787:14 A11y: visible, non-interactive elements with an on:click event must be accompanied by a keyboard event handler. Consider whether an interactive element such as <button type="button"> or <a> might be more appropriate. See https://svelte.dev/docs/accessibility-warnings#a11y-click-events-have-key-events for more details.
785:             <!-- EXISTING PHOTO LOOP -->
786:             {#each photos as photo (photo.id)}
787:               <div
                   ^
788:                 class="bg-white rounded-lg overflow-hidden border border-gray-200 shadow-sm relative group cursor-pointer hover:ring-2 hover:ring-indigo-500 transition-all"
789:                 style="width: 148px; height: 148px; flex-shrink: 0;"
7:48:58 PM [vite-plugin-svelte] /Users/anicolao/projects/antigravity/admin2/src/routes/photos/+page.svelte:787:14 A11y: <div> with click handler must have an ARIA role
785:             <!-- EXISTING PHOTO LOOP -->
786:             {#each photos as photo (photo.id)}
787:               <div
                   ^
788:                 class="bg-white rounded-lg overflow-hidden border border-gray-200 shadow-sm relative group cursor-pointer hover:ring-2 hover:ring-indigo-500 transition-all"
789:                 style="width: 148px; height: 148px; flex-shrink: 0;"
7:48:58 PM [vite-plugin-svelte] /Users/anicolao/projects/antigravity/admin2/src/routes/photos/+page.svelte:884:24 A11y: <div> with mouseenter handler must have an ARIA role
882:                     >
883:                         <!-- JAN Column -->
884:                         <div 
                             ^
885:                             class="w-48 flex-none p-4 font-mono text-lg font-medium text-teal-700 break-all bg-gray-50/50 group-hover:bg-transparent transition-colors z-10"
886:                             class:bg-red-100={!isValidJan(jan)} 
7:48:58 PM [vite-plugin-svelte] /Users/anicolao/projects/antigravity/admin2/src/routes/photos/+page.svelte:921:36 A11y: visible, non-interactive elements with an on:click event must be accompanied by a keyboard event handler. Consider whether an interactive element such as <button type="button"> or <a> might be more appropriate. See https://svelte.dev/docs/accessibility-warnings#a11y-click-events-have-key-events for more details.
919:                             <div class="flex flex-row flex-wrap gap-4 mt-6 mb-6 p-4" style="display: flex; flex-direction: row; flex-wrap: wrap;">
920:                                 {#each items as item}
921:                                     <div 
                                         ^
922:                                         class="bg-white rounded-lg overflow-hidden border border-gray-200 shadow-sm relative group/item cursor-pointer hover:ring-2 hover:ring-indigo-500 transition-all"
923:                                         style="width: 80px; height: 80px; flex-shrink: 0;"
7:48:58 PM [vite-plugin-svelte] /Users/anicolao/projects/antigravity/admin2/src/routes/photos/+page.svelte:921:36 A11y: <div> with click, mouseenter, mouseleave handlers must have an ARIA role
919:                             <div class="flex flex-row flex-wrap gap-4 mt-6 mb-6 p-4" style="display: flex; flex-direction: row; flex-wrap: wrap;">
920:                                 {#each items as item}
921:                                     <div 
                                         ^
922:                                         class="bg-white rounded-lg overflow-hidden border border-gray-200 shadow-sm relative group/item cursor-pointer hover:ring-2 hover:ring-indigo-500 transition-all"
923:                                         style="width: 80px; height: 80px; flex-shrink: 0;"
7:48:58 PM [vite-plugin-svelte] /Users/anicolao/projects/antigravity/admin2/src/routes/photos/+page.svelte:901:24 A11y: <div> with mouseenter handler must have an ARIA role
899:                         
900:                         <!-- Photos Column: The Merge Trigger Zone -->
901:                         <div 
                             ^
902:                             class="flex-1 p-4 min-w-0 relative" 
903:                             style="flex: 1; min-width: 0; position: relative;"
7:48:58 PM [vite-plugin-svelte] /Users/anicolao/projects/antigravity/admin2/src/routes/photos/+page.svelte:877:20 A11y: <div> with mouseleave handler must have an ARIA role
875:                         - AND `hoveredColumn` must be 'photos' as requested.
876:                     -->
877:                     <div 
                         ^
878:                         class="flex flex-row categorized-row group" 
879:                         class:related-highlight={hoveredRowIndex === index + 1 && hoveredColumn === 'photos'}
7:48:58 PM [vite-plugin-svelte] /Users/anicolao/projects/antigravity/admin2/src/routes/shopify-import/+page.svelte:996:24 A11y: <div> with mouseenter, mouseleave handlers must have an ARIA role
994:                       >Shopify:
995:                       {#if field === "Image"}
996:                         <div
                             ^
997:                           class="conflict-thumb-wrapper"
998:                           on:mouseenter={() =>
7:48:58 PM [vite-plugin-svelte] /Users/anicolao/projects/antigravity/admin2/src/routes/shopify-import/+page.svelte:1030:24 A11y: <div> with mouseenter, mouseleave handlers must have an ARIA role
1028:                       >Existing:
1029:                       {#if field === "Image"}
1030:                         <div
                              ^
1031:                           class="conflict-thumb-wrapper"
1032:                           on:mouseenter={() =>
7:48:58 PM [vite-plugin-svelte] /Users/anicolao/projects/antigravity/admin2/src/routes/shopify-products/+page.svelte:642:24 A11y: visible, non-interactive elements with an on:click event must be accompanied by a keyboard event handler. Consider whether an interactive element such as <button type="button"> or <a> might be more appropriate. See https://svelte.dev/docs/accessibility-warnings#a11y-click-events-have-key-events for more details.
640:                     <th style="width: {columnWidths.handle}px" on:click={() => handleHeaderClick('handle')}>
641:                         Handle {sortHistory[0]?.field === 'handle' ? (sortHistory[0].dir === 'asc' ? '↑' : '↓') : ''}
642:                         <div class="resize-handle" on:mousedown={(e) => handleResizeStart(e, 'handle')} on:click|stopPropagation></div>
                             ^
643:                     </th>
644:                     <!-- 2. Title -->
7:48:58 PM [vite-plugin-svelte] /Users/anicolao/projects/antigravity/admin2/src/routes/shopify-products/+page.svelte:642:24 A11y: <div> with mousedown, click handlers must have an ARIA role
640:                     <th style="width: {columnWidths.handle}px" on:click={() => handleHeaderClick('handle')}>
641:                         Handle {sortHistory[0]?.field === 'handle' ? (sortHistory[0].dir === 'asc' ? '↑' : '↓') : ''}
642:                         <div class="resize-handle" on:mousedown={(e) => handleResizeStart(e, 'handle')} on:click|stopPropagation></div>
                             ^
643:                     </th>
644:                     <!-- 2. Title -->
7:48:58 PM [vite-plugin-svelte] /Users/anicolao/projects/antigravity/admin2/src/routes/shopify-products/+page.svelte:647:24 A11y: visible, non-interactive elements with an on:click event must be accompanied by a keyboard event handler. Consider whether an interactive element such as <button type="button"> or <a> might be more appropriate. See https://svelte.dev/docs/accessibility-warnings#a11y-click-events-have-key-events for more details.
645:                     <th style="width: {columnWidths.title}px" on:click={() => handleHeaderClick('title')}>
646:                         Title {sortHistory[0]?.field === 'title' ? (sortHistory[0].dir === 'asc' ? '↑' : '↓') : ''}
647:                         <div class="resize-handle" on:mousedown={(e) => handleResizeStart(e, 'title')} on:click|stopPropagation></div>
                             ^
648:                     </th>
649:                     <!-- 3. Body (HTML) -->
7:48:58 PM [vite-plugin-svelte] /Users/anicolao/projects/antigravity/admin2/src/routes/shopify-products/+page.svelte:647:24 A11y: <div> with mousedown, click handlers must have an ARIA role
645:                     <th style="width: {columnWidths.title}px" on:click={() => handleHeaderClick('title')}>
646:                         Title {sortHistory[0]?.field === 'title' ? (sortHistory[0].dir === 'asc' ? '↑' : '↓') : ''}
647:                         <div class="resize-handle" on:mousedown={(e) => handleResizeStart(e, 'title')} on:click|stopPropagation></div>
                             ^
648:                     </th>
649:                     <!-- 3. Body (HTML) -->
7:48:58 PM [vite-plugin-svelte] /Users/anicolao/projects/antigravity/admin2/src/routes/shopify-products/+page.svelte:652:24 A11y: visible, non-interactive elements with an on:click event must be accompanied by a keyboard event handler. Consider whether an interactive element such as <button type="button"> or <a> might be more appropriate. See https://svelte.dev/docs/accessibility-warnings#a11y-click-events-have-key-events for more details.
650:                     <th style="width: {columnWidths.body}px" on:click={() => handleHeaderClick('body')}>
651:                         Body (HTML) {sortHistory[0]?.field === 'body' ? (sortHistory[0].dir === 'asc' ? '↑' : '↓') : ''}
652:                         <div class="resize-handle" on:mousedown={(e) => handleResizeStart(e, 'body')} on:click|stopPropagation></div>
                             ^
653:                     </th>
654:                     <!-- 4. Product Category -->
7:48:58 PM [vite-plugin-svelte] /Users/anicolao/projects/antigravity/admin2/src/routes/shopify-products/+page.svelte:652:24 A11y: <div> with mousedown, click handlers must have an ARIA role
650:                     <th style="width: {columnWidths.body}px" on:click={() => handleHeaderClick('body')}>
651:                         Body (HTML) {sortHistory[0]?.field === 'body' ? (sortHistory[0].dir === 'asc' ? '↑' : '↓') : ''}
652:                         <div class="resize-handle" on:mousedown={(e) => handleResizeStart(e, 'body')} on:click|stopPropagation></div>
                             ^
653:                     </th>
654:                     <!-- 4. Product Category -->
7:48:58 PM [vite-plugin-svelte] /Users/anicolao/projects/antigravity/admin2/src/routes/shopify-products/+page.svelte:657:24 A11y: visible, non-interactive elements with an on:click event must be accompanied by a keyboard event handler. Consider whether an interactive element such as <button type="button"> or <a> might be more appropriate. See https://svelte.dev/docs/accessibility-warnings#a11y-click-events-have-key-events for more details.
655:                     <th style="width: {columnWidths.category}px" on:click={() => handleHeaderClick('category')}>
656:                         Product Category {sortHistory[0]?.field === 'category' ? (sortHistory[0].dir === 'asc' ? '↑' : '↓') : ''}
657:                         <div class="resize-handle" on:mousedown={(e) => handleResizeStart(e, 'category')} on:click|stopPropagation></div>
                             ^
658:                     </th>
659:                     <!-- 5. Option1 Value (Subtype) -->
7:48:58 PM [vite-plugin-svelte] /Users/anicolao/projects/antigravity/admin2/src/routes/shopify-products/+page.svelte:657:24 A11y: <div> with mousedown, click handlers must have an ARIA role
655:                     <th style="width: {columnWidths.category}px" on:click={() => handleHeaderClick('category')}>
656:                         Product Category {sortHistory[0]?.field === 'category' ? (sortHistory[0].dir === 'asc' ? '↑' : '↓') : ''}
657:                         <div class="resize-handle" on:mousedown={(e) => handleResizeStart(e, 'category')} on:click|stopPropagation></div>
                             ^
658:                     </th>
659:                     <!-- 5. Option1 Value (Subtype) -->
7:48:58 PM [vite-plugin-svelte] /Users/anicolao/projects/antigravity/admin2/src/routes/shopify-products/+page.svelte:662:24 A11y: visible, non-interactive elements with an on:click event must be accompanied by a keyboard event handler. Consider whether an interactive element such as <button type="button"> or <a> might be more appropriate. See https://svelte.dev/docs/accessibility-warnings#a11y-click-events-have-key-events for more details.
660:                     <th style="width: {columnWidths.subtype}px" on:click={() => handleHeaderClick('subtype')}>
661:                         Option1 Value {sortHistory[0]?.field === 'subtype' ? (sortHistory[0].dir === 'asc' ? '↑' : '↓') : ''}
662:                         <div class="resize-handle" on:mousedown={(e) => handleResizeStart(e, 'subtype')} on:click|stopPropagation></div>
                             ^
663:                     </th>
664:                     <!-- 6. Variant SKU -->
7:48:58 PM [vite-plugin-svelte] /Users/anicolao/projects/antigravity/admin2/src/routes/shopify-products/+page.svelte:662:24 A11y: <div> with mousedown, click handlers must have an ARIA role
660:                     <th style="width: {columnWidths.subtype}px" on:click={() => handleHeaderClick('subtype')}>
661:                         Option1 Value {sortHistory[0]?.field === 'subtype' ? (sortHistory[0].dir === 'asc' ? '↑' : '↓') : ''}
662:                         <div class="resize-handle" on:mousedown={(e) => handleResizeStart(e, 'subtype')} on:click|stopPropagation></div>
                             ^
663:                     </th>
664:                     <!-- 6. Variant SKU -->
7:48:58 PM [vite-plugin-svelte] /Users/anicolao/projects/antigravity/admin2/src/routes/shopify-products/+page.svelte:667:25 A11y: visible, non-interactive elements with an on:click event must be accompanied by a keyboard event handler. Consider whether an interactive element such as <button type="button"> or <a> might be more appropriate. See https://svelte.dev/docs/accessibility-warnings#a11y-click-events-have-key-events for more details.
665:                     <th style="width: {columnWidths.sku}px" on:click={() => handleHeaderClick('sku')}>
666:                         Variant SKU {sortHistory[0]?.field === 'sku' ? (sortHistory[0].dir === 'asc' ? '↑' : '↓') : ''}
667:                          <div class="resize-handle" on:mousedown={(e) => handleResizeStart(e, 'sku')} on:click|stopPropagation></div>
                              ^
668:                     </th>
669:                     <!-- 7. Variant Grams -->
7:48:58 PM [vite-plugin-svelte] /Users/anicolao/projects/antigravity/admin2/src/routes/shopify-products/+page.svelte:667:25 A11y: <div> with mousedown, click handlers must have an ARIA role
665:                     <th style="width: {columnWidths.sku}px" on:click={() => handleHeaderClick('sku')}>
666:                         Variant SKU {sortHistory[0]?.field === 'sku' ? (sortHistory[0].dir === 'asc' ? '↑' : '↓') : ''}
667:                          <div class="resize-handle" on:mousedown={(e) => handleResizeStart(e, 'sku')} on:click|stopPropagation></div>
                              ^
668:                     </th>
669:                     <!-- 7. Variant Grams -->
7:48:58 PM [vite-plugin-svelte] /Users/anicolao/projects/antigravity/admin2/src/routes/shopify-products/+page.svelte:672:25 A11y: visible, non-interactive elements with an on:click event must be accompanied by a keyboard event handler. Consider whether an interactive element such as <button type="button"> or <a> might be more appropriate. See https://svelte.dev/docs/accessibility-warnings#a11y-click-events-have-key-events for more details.
670:                     <th style="width: {columnWidths.weight}px" on:click={() => handleHeaderClick('weight')}>
671:                         Variant Grams {sortHistory[0]?.field === 'weight' ? (sortHistory[0].dir === 'asc' ? '↑' : '↓') : ''}
672:                          <div class="resize-handle" on:mousedown={(e) => handleResizeStart(e, 'weight')} on:click|stopPropagation></div>
                              ^
673:                     </th>
674:                     <!-- 8. Country of Origin -->
7:48:58 PM [vite-plugin-svelte] /Users/anicolao/projects/antigravity/admin2/src/routes/shopify-products/+page.svelte:672:25 A11y: <div> with mousedown, click handlers must have an ARIA role
670:                     <th style="width: {columnWidths.weight}px" on:click={() => handleHeaderClick('weight')}>
671:                         Variant Grams {sortHistory[0]?.field === 'weight' ? (sortHistory[0].dir === 'asc' ? '↑' : '↓') : ''}
672:                          <div class="resize-handle" on:mousedown={(e) => handleResizeStart(e, 'weight')} on:click|stopPropagation></div>
                              ^
673:                     </th>
674:                     <!-- 8. Country of Origin -->
7:48:58 PM [vite-plugin-svelte] /Users/anicolao/projects/antigravity/admin2/src/routes/shopify-products/+page.svelte:677:25 A11y: visible, non-interactive elements with an on:click event must be accompanied by a keyboard event handler. Consider whether an interactive element such as <button type="button"> or <a> might be more appropriate. See https://svelte.dev/docs/accessibility-warnings#a11y-click-events-have-key-events for more details.
675:                     <th style="width: {columnWidths.coo}px" on:click={() => handleHeaderClick('coo')}>
676:                         Country of Origin {sortHistory[0]?.field === 'coo' ? (sortHistory[0].dir === 'asc' ? '↑' : '↓') : ''}
677:                          <div class="resize-handle" on:mousedown={(e) => handleResizeStart(e, 'coo')} on:click|stopPropagation></div>
                              ^
678:                     </th>
679:                     <!-- 8. Variant Inventory Qty -->
7:48:58 PM [vite-plugin-svelte] /Users/anicolao/projects/antigravity/admin2/src/routes/shopify-products/+page.svelte:677:25 A11y: <div> with mousedown, click handlers must have an ARIA role
675:                     <th style="width: {columnWidths.coo}px" on:click={() => handleHeaderClick('coo')}>
676:                         Country of Origin {sortHistory[0]?.field === 'coo' ? (sortHistory[0].dir === 'asc' ? '↑' : '↓') : ''}
677:                          <div class="resize-handle" on:mousedown={(e) => handleResizeStart(e, 'coo')} on:click|stopPropagation></div>
                              ^
678:                     </th>
679:                     <!-- 8. Variant Inventory Qty -->
7:48:58 PM [vite-plugin-svelte] /Users/anicolao/projects/antigravity/admin2/src/routes/shopify-products/+page.svelte:682:25 A11y: visible, non-interactive elements with an on:click event must be accompanied by a keyboard event handler. Consider whether an interactive element such as <button type="button"> or <a> might be more appropriate. See https://svelte.dev/docs/accessibility-warnings#a11y-click-events-have-key-events for more details.
680:                     <th style="width: {columnWidths.stock}px" on:click={() => handleHeaderClick('stock')}>
681:                         Variant Inventory Qty {sortHistory[0]?.field === 'stock' ? (sortHistory[0].dir === 'asc' ? '↑' : '↓') : ''}
682:                          <div class="resize-handle" on:mousedown={(e) => handleResizeStart(e, 'stock')} on:click|stopPropagation></div>
                              ^
683:                     </th>
684:                     <!-- 9. Variant Price -->
7:48:58 PM [vite-plugin-svelte] /Users/anicolao/projects/antigravity/admin2/src/routes/shopify-products/+page.svelte:682:25 A11y: <div> with mousedown, click handlers must have an ARIA role
680:                     <th style="width: {columnWidths.stock}px" on:click={() => handleHeaderClick('stock')}>
681:                         Variant Inventory Qty {sortHistory[0]?.field === 'stock' ? (sortHistory[0].dir === 'asc' ? '↑' : '↓') : ''}
682:                          <div class="resize-handle" on:mousedown={(e) => handleResizeStart(e, 'stock')} on:click|stopPropagation></div>
                              ^
683:                     </th>
684:                     <!-- 9. Variant Price -->
7:48:58 PM [vite-plugin-svelte] /Users/anicolao/projects/antigravity/admin2/src/routes/shopify-products/+page.svelte:687:25 A11y: visible, non-interactive elements with an on:click event must be accompanied by a keyboard event handler. Consider whether an interactive element such as <button type="button"> or <a> might be more appropriate. See https://svelte.dev/docs/accessibility-warnings#a11y-click-events-have-key-events for more details.
685:                     <th style="width: {columnWidths.price}px" on:click={() => handleHeaderClick('price')}>
686:                         Variant Price {sortHistory[0]?.field === 'price' ? (sortHistory[0].dir === 'asc' ? '↑' : '↓') : ''}
687:                          <div class="resize-handle" on:mousedown={(e) => handleResizeStart(e, 'price')} on:click|stopPropagation></div>
                              ^
688:                     </th>
689:                     <!-- 10. Variant Barcode -->
7:48:58 PM [vite-plugin-svelte] /Users/anicolao/projects/antigravity/admin2/src/routes/shopify-products/+page.svelte:687:25 A11y: <div> with mousedown, click handlers must have an ARIA role
685:                     <th style="width: {columnWidths.price}px" on:click={() => handleHeaderClick('price')}>
686:                         Variant Price {sortHistory[0]?.field === 'price' ? (sortHistory[0].dir === 'asc' ? '↑' : '↓') : ''}
687:                          <div class="resize-handle" on:mousedown={(e) => handleResizeStart(e, 'price')} on:click|stopPropagation></div>
                              ^
688:                     </th>
689:                     <!-- 10. Variant Barcode -->
7:48:58 PM [vite-plugin-svelte] /Users/anicolao/projects/antigravity/admin2/src/routes/shopify-products/+page.svelte:692:25 A11y: visible, non-interactive elements with an on:click event must be accompanied by a keyboard event handler. Consider whether an interactive element such as <button type="button"> or <a> might be more appropriate. See https://svelte.dev/docs/accessibility-warnings#a11y-click-events-have-key-events for more details.
690:                     <th style="width: {columnWidths.barcode}px" on:click={() => handleHeaderClick('barcode')}>
691:                         Variant Barcode {sortHistory[0]?.field === 'barcode' ? (sortHistory[0].dir === 'asc' ? '↑' : '↓') : ''}
692:                          <div class="resize-handle" on:mousedown={(e) => handleResizeStart(e, 'barcode')} on:click|stopPropagation></div>
                              ^
693:                     </th>
694:                     <!-- 11. Image Src -->
7:48:58 PM [vite-plugin-svelte] /Users/anicolao/projects/antigravity/admin2/src/routes/shopify-products/+page.svelte:692:25 A11y: <div> with mousedown, click handlers must have an ARIA role
690:                     <th style="width: {columnWidths.barcode}px" on:click={() => handleHeaderClick('barcode')}>
691:                         Variant Barcode {sortHistory[0]?.field === 'barcode' ? (sortHistory[0].dir === 'asc' ? '↑' : '↓') : ''}
692:                          <div class="resize-handle" on:mousedown={(e) => handleResizeStart(e, 'barcode')} on:click|stopPropagation></div>
                              ^
693:                     </th>
694:                     <!-- 11. Image Src -->
7:48:58 PM [vite-plugin-svelte] /Users/anicolao/projects/antigravity/admin2/src/routes/shopify-products/+page.svelte:697:25 A11y: visible, non-interactive elements with an on:click event must be accompanied by a keyboard event handler. Consider whether an interactive element such as <button type="button"> or <a> might be more appropriate. See https://svelte.dev/docs/accessibility-warnings#a11y-click-events-have-key-events for more details.
695:                     <th style="width: {columnWidths.image}px" on:click={() => handleHeaderClick('image')}>
696:                         Image Src {sortHistory[0]?.field === 'image' ? (sortHistory[0].dir === 'asc' ? '↑' : '↓') : ''}
697:                          <div class="resize-handle" on:mousedown={(e) => handleResizeStart(e, 'image')} on:click|stopPropagation></div>
                              ^
698:                     </th>
699:                     <!-- 12. Image Position -->
7:48:58 PM [vite-plugin-svelte] /Users/anicolao/projects/antigravity/admin2/src/routes/shopify-products/+page.svelte:697:25 A11y: <div> with mousedown, click handlers must have an ARIA role
695:                     <th style="width: {columnWidths.image}px" on:click={() => handleHeaderClick('image')}>
696:                         Image Src {sortHistory[0]?.field === 'image' ? (sortHistory[0].dir === 'asc' ? '↑' : '↓') : ''}
697:                          <div class="resize-handle" on:mousedown={(e) => handleResizeStart(e, 'image')} on:click|stopPropagation></div>
                              ^
698:                     </th>
699:                     <!-- 12. Image Position -->
7:48:58 PM [vite-plugin-svelte] /Users/anicolao/projects/antigravity/admin2/src/routes/shopify-products/+page.svelte:702:25 A11y: visible, non-interactive elements with an on:click event must be accompanied by a keyboard event handler. Consider whether an interactive element such as <button type="button"> or <a> might be more appropriate. See https://svelte.dev/docs/accessibility-warnings#a11y-click-events-have-key-events for more details.
700:                     <th style="width: {columnWidths.imgPos}px" on:click={() => handleHeaderClick('imgPos')}>
701:                         Image Position {sortHistory[0]?.field === 'imgPos' ? (sortHistory[0].dir === 'asc' ? '↑' : '↓') : ''}
702:                          <div class="resize-handle" on:mousedown={(e) => handleResizeStart(e, 'imgPos')} on:click|stopPropagation></div>
                              ^
703:                     </th>
704:                     <!-- 13. Image Alt Text -->
7:48:58 PM [vite-plugin-svelte] /Users/anicolao/projects/antigravity/admin2/src/routes/shopify-products/+page.svelte:702:25 A11y: <div> with mousedown, click handlers must have an ARIA role
700:                     <th style="width: {columnWidths.imgPos}px" on:click={() => handleHeaderClick('imgPos')}>
701:                         Image Position {sortHistory[0]?.field === 'imgPos' ? (sortHistory[0].dir === 'asc' ? '↑' : '↓') : ''}
702:                          <div class="resize-handle" on:mousedown={(e) => handleResizeStart(e, 'imgPos')} on:click|stopPropagation></div>
                              ^
703:                     </th>
704:                     <!-- 13. Image Alt Text -->
7:48:58 PM [vite-plugin-svelte] /Users/anicolao/projects/antigravity/admin2/src/routes/shopify-products/+page.svelte:707:25 A11y: visible, non-interactive elements with an on:click event must be accompanied by a keyboard event handler. Consider whether an interactive element such as <button type="button"> or <a> might be more appropriate. See https://svelte.dev/docs/accessibility-warnings#a11y-click-events-have-key-events for more details.
705:                     <th style="width: {columnWidths.imgAlt}px" on:click={() => handleHeaderClick('imgAlt')}>
706:                         Image Alt Text {sortHistory[0]?.field === 'imgAlt' ? (sortHistory[0].dir === 'asc' ? '↑' : '↓') : ''}
707:                          <div class="resize-handle" on:mousedown={(e) => handleResizeStart(e, 'imgAlt')} on:click|stopPropagation></div>
                              ^
708:                     </th>
709:                     <!-- 14. Variant Image -->
7:48:58 PM [vite-plugin-svelte] /Users/anicolao/projects/antigravity/admin2/src/routes/shopify-products/+page.svelte:707:25 A11y: <div> with mousedown, click handlers must have an ARIA role
705:                     <th style="width: {columnWidths.imgAlt}px" on:click={() => handleHeaderClick('imgAlt')}>
706:                         Image Alt Text {sortHistory[0]?.field === 'imgAlt' ? (sortHistory[0].dir === 'asc' ? '↑' : '↓') : ''}
707:                          <div class="resize-handle" on:mousedown={(e) => handleResizeStart(e, 'imgAlt')} on:click|stopPropagation></div>
                              ^
708:                     </th>
709:                     <!-- 14. Variant Image -->
7:48:58 PM [vite-plugin-svelte] /Users/anicolao/projects/antigravity/admin2/src/routes/shopify-products/+page.svelte:712:25 A11y: visible, non-interactive elements with an on:click event must be accompanied by a keyboard event handler. Consider whether an interactive element such as <button type="button"> or <a> might be more appropriate. See https://svelte.dev/docs/accessibility-warnings#a11y-click-events-have-key-events for more details.
710:                     <th style="width: {columnWidths.varImg}px" on:click={() => handleHeaderClick('varImg')}>
711:                         Variant Image {sortHistory[0]?.field === 'varImg' ? (sortHistory[0].dir === 'asc' ? '↑' : '↓') : ''}
712:                          <div class="resize-handle" on:mousedown={(e) => handleResizeStart(e, 'varImg')} on:click|stopPropagation></div>
                              ^
713:                     </th>
714:                 </tr>
7:48:58 PM [vite-plugin-svelte] /Users/anicolao/projects/antigravity/admin2/src/routes/shopify-products/+page.svelte:712:25 A11y: <div> with mousedown, click handlers must have an ARIA role
710:                     <th style="width: {columnWidths.varImg}px" on:click={() => handleHeaderClick('varImg')}>
711:                         Variant Image {sortHistory[0]?.field === 'varImg' ? (sortHistory[0].dir === 'asc' ? '↑' : '↓') : ''}
712:                          <div class="resize-handle" on:mousedown={(e) => handleResizeStart(e, 'varImg')} on:click|stopPropagation></div>
                              ^
713:                     </th>
714:                 </tr>
7:48:58 PM [vite-plugin-svelte] /Users/anicolao/projects/antigravity/admin2/src/routes/test-edit/+page.svelte:81:8 A11y: A form label must be associated with a control.
79:     <div class="bg-white p-4 rounded shadow space-y-4">
80:       <div>
81:         <label class="block font-semibold mb-1">Image</label>
            ^
82:         <input
83:           type="file"
7:48:58 PM [vite-plugin-svelte] /Users/anicolao/projects/antigravity/admin2/src/lib/components/ImageThumbnail.svelte:57:0 A11y: <div> with mouseenter, mouseleave handlers must have an ARIA role
55: </script>
56: 
57: <div 
    ^
58:   class="thumbnail-container {className}" 
59:   style="width: {width}; height: {height};"
✓ 3733 modules transformed.
rendering chunks...
@0 Δ0 Beginning of time @ Wed Jan 07 2026 19:49:00 GMT-0500 (Eastern Standard Time)

vite v4.5.14 building for emulator...
transforming...
7:49:01 PM [vite-plugin-svelte] /Users/anicolao/projects/antigravity/admin2/src/routes/audit/+page.svelte:155:17 A11y: Avoid using autofocus
153:                  placeholder="Search logs..." 
154:                  class="search-input"
155:                  autoFocus
                      ^
156:                />
157:                <span class="search-hint">Searching local history...</span>
7:49:01 PM [vite-plugin-svelte] /Users/anicolao/projects/antigravity/admin2/src/routes/devtools/+page.svelte:72:19 A11y: <span> with click handler must have an ARIA role
70:              >
71:                {#if group.children.length > 0}
72:                    <span 
                       ^
73:                      class="twisty" 
74:                      class:expanded={group.expanded}
7:49:01 PM [vite-plugin-svelte] /Users/anicolao/projects/antigravity/admin2/src/routes/listing-detail/+page.svelte:262:27 A11y: <div> with mouseenter, mouseleave handlers must have an ARIA role
260:                    <div class="thumbnails-grid">
261:                        {#each galleryImages as img}
262:                            <div 
                                ^
263:                                 class="thumbnail-wrapper"
264:                                 on:mouseenter={() => handleThumbnailHover(img)}
7:49:01 PM [vite-plugin-svelte] /Users/anicolao/projects/antigravity/admin2/src/routes/listing-detail/+page.svelte:346:22 A11y: A form label must be associated with a control.
344:                {#if associatedItems.length > 1}
345:                   <div class="options-block">
346:                       <label class="option-label">{listing.option1Name || 'Option'}</label>
                           ^
347:                       <div class="options-list">
348:                           {#each associatedItems as item}
7:49:01 PM [vite-plugin-svelte] /Users/anicolao/projects/antigravity/admin2/src/routes/listing-detail/+page.svelte:362:19 A11y: A form label must be associated with a control.
360:                <!-- Actions & Quantity (Unchanged) -->
361:                <div class="quantity-block">
362:                    <label class="option-label">Quantity</label>
                        ^
363:                    <div class="quantity-selector">
364:                        <button class="qty-btn">-</button>
7:49:01 PM [vite-plugin-svelte] /Users/anicolao/projects/antigravity/admin2/src/routes/listing-detail/+page.svelte:373:51 A11y: '#' is not a valid href attribute
371:                    <button class="btn-add-cart">Add to cart</button>
372:                    <button class="btn-buy-shop">Buy with <span class="shop-logo">shop</span></button>
373:                    <div class="payment-options"><a href="#" class="payment-link">More payment options</a></div>
                                                        ^
374:                </div>
375:                
7:49:01 PM [vite-plugin-svelte] /Users/anicolao/projects/antigravity/admin2/src/routes/listing-detail/+page.svelte:440:2 Unused CSS selector ".thumbnail-btn.selected"
438:   .thumbnail-wrapper { position: relative; width: 23%; aspect-ratio: 1 / 1; }
439:   .thumbnail-btn { width: 100%; height: 100%; border: 1px solid #e5e7eb; border-radius: 4px; overflow: hidden; cursor: pointer; padding: 0; background: white; opacity: 1; transition: opacity 0.2s; position: relative; }
440:   .thumbnail-btn.selected { border-color: #3b82f6; box-shadow: 0 0 0 1px #3b82f6; }
       ^
441:   .thumbnail-img { width: 100%; height: 100%; object-fit: cover; }
442:   
7:49:01 PM [vite-plugin-svelte] /Users/anicolao/projects/antigravity/admin2/src/routes/photos/+page.svelte:787:14 A11y: visible, non-interactive elements with an on:click event must be accompanied by a keyboard event handler. Consider whether an interactive element such as <button type="button"> or <a> might be more appropriate. See https://svelte.dev/docs/accessibility-warnings#a11y-click-events-have-key-events for more details.
785:             <!-- EXISTING PHOTO LOOP -->
786:             {#each photos as photo (photo.id)}
787:               <div
                   ^
788:                 class="bg-white rounded-lg overflow-hidden border border-gray-200 shadow-sm relative group cursor-pointer hover:ring-2 hover:ring-indigo-500 transition-all"
789:                 style="width: 148px; height: 148px; flex-shrink: 0;"
7:49:01 PM [vite-plugin-svelte] /Users/anicolao/projects/antigravity/admin2/src/routes/photos/+page.svelte:787:14 A11y: <div> with click handler must have an ARIA role
785:             <!-- EXISTING PHOTO LOOP -->
786:             {#each photos as photo (photo.id)}
787:               <div
                   ^
788:                 class="bg-white rounded-lg overflow-hidden border border-gray-200 shadow-sm relative group cursor-pointer hover:ring-2 hover:ring-indigo-500 transition-all"
789:                 style="width: 148px; height: 148px; flex-shrink: 0;"
7:49:01 PM [vite-plugin-svelte] /Users/anicolao/projects/antigravity/admin2/src/routes/photos/+page.svelte:884:24 A11y: <div> with mouseenter handler must have an ARIA role
882:                     >
883:                         <!-- JAN Column -->
884:                         <div 
                             ^
885:                             class="w-48 flex-none p-4 font-mono text-lg font-medium text-teal-700 break-all bg-gray-50/50 group-hover:bg-transparent transition-colors z-10"
886:                             class:bg-red-100={!isValidJan(jan)} 
7:49:01 PM [vite-plugin-svelte] /Users/anicolao/projects/antigravity/admin2/src/routes/photos/+page.svelte:921:36 A11y: visible, non-interactive elements with an on:click event must be accompanied by a keyboard event handler. Consider whether an interactive element such as <button type="button"> or <a> might be more appropriate. See https://svelte.dev/docs/accessibility-warnings#a11y-click-events-have-key-events for more details.
919:                             <div class="flex flex-row flex-wrap gap-4 mt-6 mb-6 p-4" style="display: flex; flex-direction: row; flex-wrap: wrap;">
920:                                 {#each items as item}
921:                                     <div 
                                         ^
922:                                         class="bg-white rounded-lg overflow-hidden border border-gray-200 shadow-sm relative group/item cursor-pointer hover:ring-2 hover:ring-indigo-500 transition-all"
923:                                         style="width: 80px; height: 80px; flex-shrink: 0;"
7:49:01 PM [vite-plugin-svelte] /Users/anicolao/projects/antigravity/admin2/src/routes/photos/+page.svelte:921:36 A11y: <div> with click, mouseenter, mouseleave handlers must have an ARIA role
919:                             <div class="flex flex-row flex-wrap gap-4 mt-6 mb-6 p-4" style="display: flex; flex-direction: row; flex-wrap: wrap;">
920:                                 {#each items as item}
921:                                     <div 
                                         ^
922:                                         class="bg-white rounded-lg overflow-hidden border border-gray-200 shadow-sm relative group/item cursor-pointer hover:ring-2 hover:ring-indigo-500 transition-all"
923:                                         style="width: 80px; height: 80px; flex-shrink: 0;"
7:49:01 PM [vite-plugin-svelte] /Users/anicolao/projects/antigravity/admin2/src/routes/photos/+page.svelte:901:24 A11y: <div> with mouseenter handler must have an ARIA role
899:                         
900:                         <!-- Photos Column: The Merge Trigger Zone -->
901:                         <div 
                             ^
902:                             class="flex-1 p-4 min-w-0 relative" 
903:                             style="flex: 1; min-width: 0; position: relative;"
7:49:01 PM [vite-plugin-svelte] /Users/anicolao/projects/antigravity/admin2/src/routes/photos/+page.svelte:877:20 A11y: <div> with mouseleave handler must have an ARIA role
875:                         - AND `hoveredColumn` must be 'photos' as requested.
876:                     -->
877:                     <div 
                         ^
878:                         class="flex flex-row categorized-row group" 
879:                         class:related-highlight={hoveredRowIndex === index + 1 && hoveredColumn === 'photos'}
7:49:01 PM [vite-plugin-svelte] /Users/anicolao/projects/antigravity/admin2/src/routes/shopify-import/+page.svelte:996:24 A11y: <div> with mouseenter, mouseleave handlers must have an ARIA role
994:                       >Shopify:
995:                       {#if field === "Image"}
996:                         <div
                             ^
997:                           class="conflict-thumb-wrapper"
998:                           on:mouseenter={() =>
7:49:01 PM [vite-plugin-svelte] /Users/anicolao/projects/antigravity/admin2/src/routes/shopify-import/+page.svelte:1030:24 A11y: <div> with mouseenter, mouseleave handlers must have an ARIA role
1028:                       >Existing:
1029:                       {#if field === "Image"}
1030:                         <div
                              ^
1031:                           class="conflict-thumb-wrapper"
1032:                           on:mouseenter={() =>
7:49:01 PM [vite-plugin-svelte] /Users/anicolao/projects/antigravity/admin2/src/routes/shopify-products/+page.svelte:642:24 A11y: visible, non-interactive elements with an on:click event must be accompanied by a keyboard event handler. Consider whether an interactive element such as <button type="button"> or <a> might be more appropriate. See https://svelte.dev/docs/accessibility-warnings#a11y-click-events-have-key-events for more details.
640:                     <th style="width: {columnWidths.handle}px" on:click={() => handleHeaderClick('handle')}>
641:                         Handle {sortHistory[0]?.field === 'handle' ? (sortHistory[0].dir === 'asc' ? '↑' : '↓') : ''}
642:                         <div class="resize-handle" on:mousedown={(e) => handleResizeStart(e, 'handle')} on:click|stopPropagation></div>
                             ^
643:                     </th>
644:                     <!-- 2. Title -->
7:49:01 PM [vite-plugin-svelte] /Users/anicolao/projects/antigravity/admin2/src/routes/shopify-products/+page.svelte:642:24 A11y: <div> with mousedown, click handlers must have an ARIA role
640:                     <th style="width: {columnWidths.handle}px" on:click={() => handleHeaderClick('handle')}>
641:                         Handle {sortHistory[0]?.field === 'handle' ? (sortHistory[0].dir === 'asc' ? '↑' : '↓') : ''}
642:                         <div class="resize-handle" on:mousedown={(e) => handleResizeStart(e, 'handle')} on:click|stopPropagation></div>
                             ^
643:                     </th>
644:                     <!-- 2. Title -->
7:49:01 PM [vite-plugin-svelte] /Users/anicolao/projects/antigravity/admin2/src/routes/shopify-products/+page.svelte:647:24 A11y: visible, non-interactive elements with an on:click event must be accompanied by a keyboard event handler. Consider whether an interactive element such as <button type="button"> or <a> might be more appropriate. See https://svelte.dev/docs/accessibility-warnings#a11y-click-events-have-key-events for more details.
645:                     <th style="width: {columnWidths.title}px" on:click={() => handleHeaderClick('title')}>
646:                         Title {sortHistory[0]?.field === 'title' ? (sortHistory[0].dir === 'asc' ? '↑' : '↓') : ''}
647:                         <div class="resize-handle" on:mousedown={(e) => handleResizeStart(e, 'title')} on:click|stopPropagation></div>
                             ^
648:                     </th>
649:                     <!-- 3. Body (HTML) -->
7:49:01 PM [vite-plugin-svelte] /Users/anicolao/projects/antigravity/admin2/src/routes/shopify-products/+page.svelte:647:24 A11y: <div> with mousedown, click handlers must have an ARIA role
645:                     <th style="width: {columnWidths.title}px" on:click={() => handleHeaderClick('title')}>
646:                         Title {sortHistory[0]?.field === 'title' ? (sortHistory[0].dir === 'asc' ? '↑' : '↓') : ''}
647:                         <div class="resize-handle" on:mousedown={(e) => handleResizeStart(e, 'title')} on:click|stopPropagation></div>
                             ^
648:                     </th>
649:                     <!-- 3. Body (HTML) -->
7:49:01 PM [vite-plugin-svelte] /Users/anicolao/projects/antigravity/admin2/src/routes/shopify-products/+page.svelte:652:24 A11y: visible, non-interactive elements with an on:click event must be accompanied by a keyboard event handler. Consider whether an interactive element such as <button type="button"> or <a> might be more appropriate. See https://svelte.dev/docs/accessibility-warnings#a11y-click-events-have-key-events for more details.
650:                     <th style="width: {columnWidths.body}px" on:click={() => handleHeaderClick('body')}>
651:                         Body (HTML) {sortHistory[0]?.field === 'body' ? (sortHistory[0].dir === 'asc' ? '↑' : '↓') : ''}
652:                         <div class="resize-handle" on:mousedown={(e) => handleResizeStart(e, 'body')} on:click|stopPropagation></div>
                             ^
653:                     </th>
654:                     <!-- 4. Product Category -->
7:49:01 PM [vite-plugin-svelte] /Users/anicolao/projects/antigravity/admin2/src/routes/shopify-products/+page.svelte:652:24 A11y: <div> with mousedown, click handlers must have an ARIA role
650:                     <th style="width: {columnWidths.body}px" on:click={() => handleHeaderClick('body')}>
651:                         Body (HTML) {sortHistory[0]?.field === 'body' ? (sortHistory[0].dir === 'asc' ? '↑' : '↓') : ''}
652:                         <div class="resize-handle" on:mousedown={(e) => handleResizeStart(e, 'body')} on:click|stopPropagation></div>
                             ^
653:                     </th>
654:                     <!-- 4. Product Category -->
7:49:01 PM [vite-plugin-svelte] /Users/anicolao/projects/antigravity/admin2/src/routes/shopify-products/+page.svelte:657:24 A11y: visible, non-interactive elements with an on:click event must be accompanied by a keyboard event handler. Consider whether an interactive element such as <button type="button"> or <a> might be more appropriate. See https://svelte.dev/docs/accessibility-warnings#a11y-click-events-have-key-events for more details.
655:                     <th style="width: {columnWidths.category}px" on:click={() => handleHeaderClick('category')}>
656:                         Product Category {sortHistory[0]?.field === 'category' ? (sortHistory[0].dir === 'asc' ? '↑' : '↓') : ''}
657:                         <div class="resize-handle" on:mousedown={(e) => handleResizeStart(e, 'category')} on:click|stopPropagation></div>
                             ^
658:                     </th>
659:                     <!-- 5. Option1 Value (Subtype) -->
7:49:01 PM [vite-plugin-svelte] /Users/anicolao/projects/antigravity/admin2/src/routes/shopify-products/+page.svelte:657:24 A11y: <div> with mousedown, click handlers must have an ARIA role
655:                     <th style="width: {columnWidths.category}px" on:click={() => handleHeaderClick('category')}>
656:                         Product Category {sortHistory[0]?.field === 'category' ? (sortHistory[0].dir === 'asc' ? '↑' : '↓') : ''}
657:                         <div class="resize-handle" on:mousedown={(e) => handleResizeStart(e, 'category')} on:click|stopPropagation></div>
                             ^
658:                     </th>
659:                     <!-- 5. Option1 Value (Subtype) -->
7:49:01 PM [vite-plugin-svelte] /Users/anicolao/projects/antigravity/admin2/src/routes/shopify-products/+page.svelte:662:24 A11y: visible, non-interactive elements with an on:click event must be accompanied by a keyboard event handler. Consider whether an interactive element such as <button type="button"> or <a> might be more appropriate. See https://svelte.dev/docs/accessibility-warnings#a11y-click-events-have-key-events for more details.
660:                     <th style="width: {columnWidths.subtype}px" on:click={() => handleHeaderClick('subtype')}>
661:                         Option1 Value {sortHistory[0]?.field === 'subtype' ? (sortHistory[0].dir === 'asc' ? '↑' : '↓') : ''}
662:                         <div class="resize-handle" on:mousedown={(e) => handleResizeStart(e, 'subtype')} on:click|stopPropagation></div>
                             ^
663:                     </th>
664:                     <!-- 6. Variant SKU -->
7:49:01 PM [vite-plugin-svelte] /Users/anicolao/projects/antigravity/admin2/src/routes/shopify-products/+page.svelte:662:24 A11y: <div> with mousedown, click handlers must have an ARIA role
660:                     <th style="width: {columnWidths.subtype}px" on:click={() => handleHeaderClick('subtype')}>
661:                         Option1 Value {sortHistory[0]?.field === 'subtype' ? (sortHistory[0].dir === 'asc' ? '↑' : '↓') : ''}
662:                         <div class="resize-handle" on:mousedown={(e) => handleResizeStart(e, 'subtype')} on:click|stopPropagation></div>
                             ^
663:                     </th>
664:                     <!-- 6. Variant SKU -->
7:49:01 PM [vite-plugin-svelte] /Users/anicolao/projects/antigravity/admin2/src/routes/shopify-products/+page.svelte:667:25 A11y: visible, non-interactive elements with an on:click event must be accompanied by a keyboard event handler. Consider whether an interactive element such as <button type="button"> or <a> might be more appropriate. See https://svelte.dev/docs/accessibility-warnings#a11y-click-events-have-key-events for more details.
665:                     <th style="width: {columnWidths.sku}px" on:click={() => handleHeaderClick('sku')}>
666:                         Variant SKU {sortHistory[0]?.field === 'sku' ? (sortHistory[0].dir === 'asc' ? '↑' : '↓') : ''}
667:                          <div class="resize-handle" on:mousedown={(e) => handleResizeStart(e, 'sku')} on:click|stopPropagation></div>
                              ^
668:                     </th>
669:                     <!-- 7. Variant Grams -->
7:49:01 PM [vite-plugin-svelte] /Users/anicolao/projects/antigravity/admin2/src/routes/shopify-products/+page.svelte:667:25 A11y: <div> with mousedown, click handlers must have an ARIA role
665:                     <th style="width: {columnWidths.sku}px" on:click={() => handleHeaderClick('sku')}>
666:                         Variant SKU {sortHistory[0]?.field === 'sku' ? (sortHistory[0].dir === 'asc' ? '↑' : '↓') : ''}
667:                          <div class="resize-handle" on:mousedown={(e) => handleResizeStart(e, 'sku')} on:click|stopPropagation></div>
                              ^
668:                     </th>
669:                     <!-- 7. Variant Grams -->
7:49:01 PM [vite-plugin-svelte] /Users/anicolao/projects/antigravity/admin2/src/routes/shopify-products/+page.svelte:672:25 A11y: visible, non-interactive elements with an on:click event must be accompanied by a keyboard event handler. Consider whether an interactive element such as <button type="button"> or <a> might be more appropriate. See https://svelte.dev/docs/accessibility-warnings#a11y-click-events-have-key-events for more details.
670:                     <th style="width: {columnWidths.weight}px" on:click={() => handleHeaderClick('weight')}>
671:                         Variant Grams {sortHistory[0]?.field === 'weight' ? (sortHistory[0].dir === 'asc' ? '↑' : '↓') : ''}
672:                          <div class="resize-handle" on:mousedown={(e) => handleResizeStart(e, 'weight')} on:click|stopPropagation></div>
                              ^
673:                     </th>
674:                     <!-- 8. Country of Origin -->
7:49:01 PM [vite-plugin-svelte] /Users/anicolao/projects/antigravity/admin2/src/routes/shopify-products/+page.svelte:672:25 A11y: <div> with mousedown, click handlers must have an ARIA role
670:                     <th style="width: {columnWidths.weight}px" on:click={() => handleHeaderClick('weight')}>
671:                         Variant Grams {sortHistory[0]?.field === 'weight' ? (sortHistory[0].dir === 'asc' ? '↑' : '↓') : ''}
672:                          <div class="resize-handle" on:mousedown={(e) => handleResizeStart(e, 'weight')} on:click|stopPropagation></div>
                              ^
673:                     </th>
674:                     <!-- 8. Country of Origin -->
7:49:01 PM [vite-plugin-svelte] /Users/anicolao/projects/antigravity/admin2/src/routes/shopify-products/+page.svelte:677:25 A11y: visible, non-interactive elements with an on:click event must be accompanied by a keyboard event handler. Consider whether an interactive element such as <button type="button"> or <a> might be more appropriate. See https://svelte.dev/docs/accessibility-warnings#a11y-click-events-have-key-events for more details.
675:                     <th style="width: {columnWidths.coo}px" on:click={() => handleHeaderClick('coo')}>
676:                         Country of Origin {sortHistory[0]?.field === 'coo' ? (sortHistory[0].dir === 'asc' ? '↑' : '↓') : ''}
677:                          <div class="resize-handle" on:mousedown={(e) => handleResizeStart(e, 'coo')} on:click|stopPropagation></div>
                              ^
678:                     </th>
679:                     <!-- 8. Variant Inventory Qty -->
7:49:01 PM [vite-plugin-svelte] /Users/anicolao/projects/antigravity/admin2/src/routes/shopify-products/+page.svelte:677:25 A11y: <div> with mousedown, click handlers must have an ARIA role
675:                     <th style="width: {columnWidths.coo}px" on:click={() => handleHeaderClick('coo')}>
676:                         Country of Origin {sortHistory[0]?.field === 'coo' ? (sortHistory[0].dir === 'asc' ? '↑' : '↓') : ''}
677:                          <div class="resize-handle" on:mousedown={(e) => handleResizeStart(e, 'coo')} on:click|stopPropagation></div>
                              ^
678:                     </th>
679:                     <!-- 8. Variant Inventory Qty -->
7:49:01 PM [vite-plugin-svelte] /Users/anicolao/projects/antigravity/admin2/src/routes/shopify-products/+page.svelte:682:25 A11y: visible, non-interactive elements with an on:click event must be accompanied by a keyboard event handler. Consider whether an interactive element such as <button type="button"> or <a> might be more appropriate. See https://svelte.dev/docs/accessibility-warnings#a11y-click-events-have-key-events for more details.
680:                     <th style="width: {columnWidths.stock}px" on:click={() => handleHeaderClick('stock')}>
681:                         Variant Inventory Qty {sortHistory[0]?.field === 'stock' ? (sortHistory[0].dir === 'asc' ? '↑' : '↓') : ''}
682:                          <div class="resize-handle" on:mousedown={(e) => handleResizeStart(e, 'stock')} on:click|stopPropagation></div>
                              ^
683:                     </th>
684:                     <!-- 9. Variant Price -->
7:49:01 PM [vite-plugin-svelte] /Users/anicolao/projects/antigravity/admin2/src/routes/shopify-products/+page.svelte:682:25 A11y: <div> with mousedown, click handlers must have an ARIA role
680:                     <th style="width: {columnWidths.stock}px" on:click={() => handleHeaderClick('stock')}>
681:                         Variant Inventory Qty {sortHistory[0]?.field === 'stock' ? (sortHistory[0].dir === 'asc' ? '↑' : '↓') : ''}
682:                          <div class="resize-handle" on:mousedown={(e) => handleResizeStart(e, 'stock')} on:click|stopPropagation></div>
                              ^
683:                     </th>
684:                     <!-- 9. Variant Price -->
7:49:01 PM [vite-plugin-svelte] /Users/anicolao/projects/antigravity/admin2/src/routes/shopify-products/+page.svelte:687:25 A11y: visible, non-interactive elements with an on:click event must be accompanied by a keyboard event handler. Consider whether an interactive element such as <button type="button"> or <a> might be more appropriate. See https://svelte.dev/docs/accessibility-warnings#a11y-click-events-have-key-events for more details.
685:                     <th style="width: {columnWidths.price}px" on:click={() => handleHeaderClick('price')}>
686:                         Variant Price {sortHistory[0]?.field === 'price' ? (sortHistory[0].dir === 'asc' ? '↑' : '↓') : ''}
687:                          <div class="resize-handle" on:mousedown={(e) => handleResizeStart(e, 'price')} on:click|stopPropagation></div>
                              ^
688:                     </th>
689:                     <!-- 10. Variant Barcode -->
7:49:01 PM [vite-plugin-svelte] /Users/anicolao/projects/antigravity/admin2/src/routes/shopify-products/+page.svelte:687:25 A11y: <div> with mousedown, click handlers must have an ARIA role
685:                     <th style="width: {columnWidths.price}px" on:click={() => handleHeaderClick('price')}>
686:                         Variant Price {sortHistory[0]?.field === 'price' ? (sortHistory[0].dir === 'asc' ? '↑' : '↓') : ''}
687:                          <div class="resize-handle" on:mousedown={(e) => handleResizeStart(e, 'price')} on:click|stopPropagation></div>
                              ^
688:                     </th>
689:                     <!-- 10. Variant Barcode -->
7:49:01 PM [vite-plugin-svelte] /Users/anicolao/projects/antigravity/admin2/src/routes/shopify-products/+page.svelte:692:25 A11y: visible, non-interactive elements with an on:click event must be accompanied by a keyboard event handler. Consider whether an interactive element such as <button type="button"> or <a> might be more appropriate. See https://svelte.dev/docs/accessibility-warnings#a11y-click-events-have-key-events for more details.
690:                     <th style="width: {columnWidths.barcode}px" on:click={() => handleHeaderClick('barcode')}>
691:                         Variant Barcode {sortHistory[0]?.field === 'barcode' ? (sortHistory[0].dir === 'asc' ? '↑' : '↓') : ''}
692:                          <div class="resize-handle" on:mousedown={(e) => handleResizeStart(e, 'barcode')} on:click|stopPropagation></div>
                              ^
693:                     </th>
694:                     <!-- 11. Image Src -->
7:49:01 PM [vite-plugin-svelte] /Users/anicolao/projects/antigravity/admin2/src/routes/shopify-products/+page.svelte:692:25 A11y: <div> with mousedown, click handlers must have an ARIA role
690:                     <th style="width: {columnWidths.barcode}px" on:click={() => handleHeaderClick('barcode')}>
691:                         Variant Barcode {sortHistory[0]?.field === 'barcode' ? (sortHistory[0].dir === 'asc' ? '↑' : '↓') : ''}
692:                          <div class="resize-handle" on:mousedown={(e) => handleResizeStart(e, 'barcode')} on:click|stopPropagation></div>
                              ^
693:                     </th>
694:                     <!-- 11. Image Src -->
7:49:01 PM [vite-plugin-svelte] /Users/anicolao/projects/antigravity/admin2/src/routes/shopify-products/+page.svelte:697:25 A11y: visible, non-interactive elements with an on:click event must be accompanied by a keyboard event handler. Consider whether an interactive element such as <button type="button"> or <a> might be more appropriate. See https://svelte.dev/docs/accessibility-warnings#a11y-click-events-have-key-events for more details.
695:                     <th style="width: {columnWidths.image}px" on:click={() => handleHeaderClick('image')}>
696:                         Image Src {sortHistory[0]?.field === 'image' ? (sortHistory[0].dir === 'asc' ? '↑' : '↓') : ''}
697:                          <div class="resize-handle" on:mousedown={(e) => handleResizeStart(e, 'image')} on:click|stopPropagation></div>
                              ^
698:                     </th>
699:                     <!-- 12. Image Position -->
7:49:01 PM [vite-plugin-svelte] /Users/anicolao/projects/antigravity/admin2/src/routes/shopify-products/+page.svelte:697:25 A11y: <div> with mousedown, click handlers must have an ARIA role
695:                     <th style="width: {columnWidths.image}px" on:click={() => handleHeaderClick('image')}>
696:                         Image Src {sortHistory[0]?.field === 'image' ? (sortHistory[0].dir === 'asc' ? '↑' : '↓') : ''}
697:                          <div class="resize-handle" on:mousedown={(e) => handleResizeStart(e, 'image')} on:click|stopPropagation></div>
                              ^
698:                     </th>
699:                     <!-- 12. Image Position -->
7:49:01 PM [vite-plugin-svelte] /Users/anicolao/projects/antigravity/admin2/src/routes/shopify-products/+page.svelte:702:25 A11y: visible, non-interactive elements with an on:click event must be accompanied by a keyboard event handler. Consider whether an interactive element such as <button type="button"> or <a> might be more appropriate. See https://svelte.dev/docs/accessibility-warnings#a11y-click-events-have-key-events for more details.
700:                     <th style="width: {columnWidths.imgPos}px" on:click={() => handleHeaderClick('imgPos')}>
701:                         Image Position {sortHistory[0]?.field === 'imgPos' ? (sortHistory[0].dir === 'asc' ? '↑' : '↓') : ''}
702:                          <div class="resize-handle" on:mousedown={(e) => handleResizeStart(e, 'imgPos')} on:click|stopPropagation></div>
                              ^
703:                     </th>
704:                     <!-- 13. Image Alt Text -->
7:49:01 PM [vite-plugin-svelte] /Users/anicolao/projects/antigravity/admin2/src/routes/shopify-products/+page.svelte:702:25 A11y: <div> with mousedown, click handlers must have an ARIA role
700:                     <th style="width: {columnWidths.imgPos}px" on:click={() => handleHeaderClick('imgPos')}>
701:                         Image Position {sortHistory[0]?.field === 'imgPos' ? (sortHistory[0].dir === 'asc' ? '↑' : '↓') : ''}
702:                          <div class="resize-handle" on:mousedown={(e) => handleResizeStart(e, 'imgPos')} on:click|stopPropagation></div>
                              ^
703:                     </th>
704:                     <!-- 13. Image Alt Text -->
7:49:01 PM [vite-plugin-svelte] /Users/anicolao/projects/antigravity/admin2/src/routes/shopify-products/+page.svelte:707:25 A11y: visible, non-interactive elements with an on:click event must be accompanied by a keyboard event handler. Consider whether an interactive element such as <button type="button"> or <a> might be more appropriate. See https://svelte.dev/docs/accessibility-warnings#a11y-click-events-have-key-events for more details.
705:                     <th style="width: {columnWidths.imgAlt}px" on:click={() => handleHeaderClick('imgAlt')}>
706:                         Image Alt Text {sortHistory[0]?.field === 'imgAlt' ? (sortHistory[0].dir === 'asc' ? '↑' : '↓') : ''}
707:                          <div class="resize-handle" on:mousedown={(e) => handleResizeStart(e, 'imgAlt')} on:click|stopPropagation></div>
                              ^
708:                     </th>
709:                     <!-- 14. Variant Image -->
7:49:01 PM [vite-plugin-svelte] /Users/anicolao/projects/antigravity/admin2/src/routes/shopify-products/+page.svelte:707:25 A11y: <div> with mousedown, click handlers must have an ARIA role
705:                     <th style="width: {columnWidths.imgAlt}px" on:click={() => handleHeaderClick('imgAlt')}>
706:                         Image Alt Text {sortHistory[0]?.field === 'imgAlt' ? (sortHistory[0].dir === 'asc' ? '↑' : '↓') : ''}
707:                          <div class="resize-handle" on:mousedown={(e) => handleResizeStart(e, 'imgAlt')} on:click|stopPropagation></div>
                              ^
708:                     </th>
709:                     <!-- 14. Variant Image -->
7:49:01 PM [vite-plugin-svelte] /Users/anicolao/projects/antigravity/admin2/src/routes/shopify-products/+page.svelte:712:25 A11y: visible, non-interactive elements with an on:click event must be accompanied by a keyboard event handler. Consider whether an interactive element such as <button type="button"> or <a> might be more appropriate. See https://svelte.dev/docs/accessibility-warnings#a11y-click-events-have-key-events for more details.
710:                     <th style="width: {columnWidths.varImg}px" on:click={() => handleHeaderClick('varImg')}>
711:                         Variant Image {sortHistory[0]?.field === 'varImg' ? (sortHistory[0].dir === 'asc' ? '↑' : '↓') : ''}
712:                          <div class="resize-handle" on:mousedown={(e) => handleResizeStart(e, 'varImg')} on:click|stopPropagation></div>
                              ^
713:                     </th>
714:                 </tr>
7:49:01 PM [vite-plugin-svelte] /Users/anicolao/projects/antigravity/admin2/src/routes/shopify-products/+page.svelte:712:25 A11y: <div> with mousedown, click handlers must have an ARIA role
710:                     <th style="width: {columnWidths.varImg}px" on:click={() => handleHeaderClick('varImg')}>
711:                         Variant Image {sortHistory[0]?.field === 'varImg' ? (sortHistory[0].dir === 'asc' ? '↑' : '↓') : ''}
712:                          <div class="resize-handle" on:mousedown={(e) => handleResizeStart(e, 'varImg')} on:click|stopPropagation></div>
                              ^
713:                     </th>
714:                 </tr>
7:49:01 PM [vite-plugin-svelte] /Users/anicolao/projects/antigravity/admin2/src/routes/test-edit/+page.svelte:81:8 A11y: A form label must be associated with a control.
79:     <div class="bg-white p-4 rounded shadow space-y-4">
80:       <div>
81:         <label class="block font-semibold mb-1">Image</label>
            ^
82:         <input
83:           type="file"
7:49:02 PM [vite-plugin-svelte] /Users/anicolao/projects/antigravity/admin2/src/lib/components/ImageThumbnail.svelte:57:0 A11y: <div> with mouseenter, mouseleave handlers must have an ARIA role
55: </script>
56: 
57: <div 
    ^
58:   class="thumbnail-container {className}" 
59:   style="width: {width}; height: {height};"
node_modules/onnxruntime-web/dist/ort-web.min.js (6:62546) Use of eval in "node_modules/onnxruntime-web/dist/ort-web.min.js" is strongly discouraged as it poses security risks and may cause issues with minification.
✓ 4348 modules transformed.
rendering chunks...
computing gzip size...
.svelte-kit/output/client/_app/version.json                                        0.03 kB │ gzip:   0.05 kB
.svelte-kit/output/client/.vite/manifest.json                                     26.56 kB │ gzip:   2.46 kB
.svelte-kit/output/client/_app/immutable/assets/BarcodeScanner.96e43f48.css        0.07 kB │ gzip:   0.06 kB
.svelte-kit/output/client/_app/immutable/assets/15.6239f5c5.css                    0.13 kB │ gzip:   0.11 kB
.svelte-kit/output/client/_app/immutable/assets/OrderRow.3d773ba5.css              0.17 kB │ gzip:   0.14 kB
.svelte-kit/output/client/_app/immutable/assets/10.5b5d183b.css                    0.17 kB │ gzip:   0.13 kB
.svelte-kit/output/client/_app/immutable/assets/9.3e40446a.css                     0.19 kB │ gzip:   0.13 kB
.svelte-kit/output/client/_app/immutable/assets/22.35efb53e.css                    0.24 kB │ gzip:   0.15 kB
.svelte-kit/output/client/_app/immutable/assets/8.6f05e2e3.css                     0.31 kB │ gzip:   0.18 kB
.svelte-kit/output/client/_app/immutable/assets/ImageThumbnail.5f6f7830.css        0.65 kB │ gzip:   0.35 kB
.svelte-kit/output/client/_app/immutable/assets/23.d7a23603.css                    0.67 kB │ gzip:   0.35 kB
.svelte-kit/output/client/_app/immutable/assets/SubtypeRow.917109d4.css            0.74 kB │ gzip:   0.29 kB
.svelte-kit/output/client/_app/immutable/assets/19.a93fa16a.css                    0.80 kB │ gzip:   0.35 kB
.svelte-kit/output/client/_app/immutable/assets/0.769d9bd8.css                     1.84 kB │ gzip:   0.84 kB
.svelte-kit/output/client/_app/immutable/assets/Navigation.9a8517b5.css            1.86 kB │ gzip:   0.63 kB
.svelte-kit/output/client/_app/immutable/assets/2.e55845f9.css                     1.94 kB │ gzip:   0.61 kB
.svelte-kit/output/client/_app/immutable/assets/5.36402baf.css                     2.05 kB │ gzip:   0.61 kB
.svelte-kit/output/client/_app/immutable/assets/18.32fff824.css                    2.25 kB │ gzip:   0.84 kB
.svelte-kit/output/client/_app/immutable/assets/21.7d18985c.css                    2.44 kB │ gzip:   0.81 kB
.svelte-kit/output/client/_app/immutable/assets/6.8a42b11b.css                     3.66 kB │ gzip:   0.85 kB
.svelte-kit/output/client/_app/immutable/assets/7.8de0b32e.css                     4.04 kB │ gzip:   1.17 kB
.svelte-kit/output/client/_app/immutable/assets/14.bcacec94.css                    4.13 kB │ gzip:   1.06 kB
.svelte-kit/output/client/_app/immutable/assets/20.9a6c9bbe.css                    4.20 kB │ gzip:   1.14 kB
.svelte-kit/output/client/_app/immutable/assets/17.3338afdd.css                    4.82 kB │ gzip:   1.57 kB
.svelte-kit/output/client/_app/immutable/assets/11.24eac696.css                    8.66 kB │ gzip:   1.86 kB
.svelte-kit/output/client/_app/immutable/chunks/globals.a7f05a42.js                0.07 kB │ gzip:   0.08 kB
.svelte-kit/output/client/_app/immutable/chunks/navigation.0bc0e791.js             0.08 kB │ gzip:   0.09 kB
.svelte-kit/output/client/_app/immutable/chunks/globals.7f7f1b26.js                0.09 kB │ gzip:   0.08 kB
.svelte-kit/output/client/_app/immutable/chunks/user-store.c9cd60b3.js             0.19 kB │ gzip:   0.16 kB
.svelte-kit/output/client/_app/immutable/chunks/stores.df8829d7.js                 0.24 kB │ gzip:   0.17 kB
.svelte-kit/output/client/_app/immutable/chunks/index.cb591377.js                  0.45 kB │ gzip:   0.32 kB
.svelte-kit/output/client/_app/immutable/chunks/devtools-middleware.08a6fb62.js    0.47 kB │ gzip:   0.32 kB
.svelte-kit/output/client/_app/immutable/chunks/_commonjsHelpers.de833af9.js       0.69 kB │ gzip:   0.38 kB
.svelte-kit/output/client/_app/immutable/nodes/1.7ee9577f.js                       0.84 kB │ gzip:   0.52 kB
.svelte-kit/output/client/_app/immutable/chunks/preload-helper.a4192956.js         0.89 kB │ gzip:   0.55 kB
.svelte-kit/output/client/_app/immutable/chunks/each.7440ca0d.js                   0.92 kB │ gzip:   0.56 kB
.svelte-kit/output/client/_app/immutable/chunks/index.49f5443c.js                  0.99 kB │ gzip:   0.48 kB
.svelte-kit/output/client/_app/immutable/chunks/color-correction.fe7c9a9b.js       0.99 kB │ gzip:   0.58 kB
.svelte-kit/output/client/_app/immutable/chunks/Signin.33fb1ce8.js                 1.98 kB │ gzip:   1.00 kB
.svelte-kit/output/client/_app/immutable/chunks/http.fad47302.js                   2.04 kB │ gzip:   1.06 kB
.svelte-kit/output/client/_app/immutable/chunks/redux-firestore.4b58b4a6.js        2.20 kB │ gzip:   1.10 kB
.svelte-kit/output/client/_app/immutable/chunks/ComboBox.f5bdcab5.js               2.50 kB │ gzip:   1.30 kB
.svelte-kit/output/client/_app/immutable/chunks/singletons.e2e495bf.js             2.52 kB │ gzip:   1.29 kB
.svelte-kit/output/client/_app/immutable/chunks/action-cache.6403d0d5.js           2.54 kB │ gzip:   0.94 kB
.svelte-kit/output/client/_app/immutable/nodes/4.08c51122.js                       2.66 kB │ gzip:   1.40 kB
.svelte-kit/output/client/_app/immutable/nodes/16.9839b58b.js                      3.07 kB │ gzip:   1.45 kB
.svelte-kit/output/client/_app/immutable/nodes/9.bc4a56ab.js                       3.11 kB │ gzip:   1.51 kB
.svelte-kit/output/client/_app/immutable/chunks/ImageThumbnail.eb22cd0f.js         3.64 kB │ gzip:   1.79 kB
.svelte-kit/output/client/_app/immutable/nodes/10.d17178be.js                      3.81 kB │ gzip:   1.81 kB
.svelte-kit/output/client/_app/immutable/nodes/24.54c92601.js                      3.84 kB │ gzip:   1.81 kB
.svelte-kit/output/client/_app/immutable/nodes/15.b44e9a98.js                      3.86 kB │ gzip:   1.78 kB
.svelte-kit/output/client/_app/immutable/nodes/13.efe1d5f2.js                      4.44 kB │ gzip:   2.04 kB
.svelte-kit/output/client/_app/immutable/chunks/SecureImage.8b9a596a.js            4.72 kB │ gzip:   2.13 kB
.svelte-kit/output/client/_app/immutable/nodes/25.a43df4ec.js                      4.85 kB │ gzip:   2.24 kB
.svelte-kit/output/client/_app/immutable/nodes/12.0d555a89.js                      5.09 kB │ gzip:   2.29 kB
.svelte-kit/output/client/_app/immutable/chunks/index.7ebfc653.js                  5.21 kB │ gzip:   2.63 kB
.svelte-kit/output/client/_app/immutable/chunks/google-photos.700140ce.js          5.36 kB │ gzip:   2.08 kB
.svelte-kit/output/client/_app/immutable/nodes/2.d7a83802.js                       5.53 kB │ gzip:   2.10 kB
.svelte-kit/output/client/_app/immutable/chunks/Icon.4e2a85ab.js                   5.68 kB │ gzip:   2.71 kB
.svelte-kit/output/client/_app/immutable/chunks/google-drive.4d1ddf8c.js           5.82 kB │ gzip:   2.13 kB
.svelte-kit/output/client/_app/immutable/chunks/SubtypeRow.fec41135.js             6.37 kB │ gzip:   2.76 kB
.svelte-kit/output/client/_app/immutable/nodes/8.fd33a4cb.js                       6.82 kB │ gzip:   2.71 kB
.svelte-kit/output/client/_app/immutable/chunks/OrderRow.b511f926.js               6.90 kB │ gzip:   3.01 kB
.svelte-kit/output/client/_app/immutable/nodes/23.2add7f46.js                      6.99 kB │ gzip:   2.82 kB
.svelte-kit/output/client/_app/immutable/chunks/scheduler.56150054.js              9.16 kB │ gzip:   3.60 kB
.svelte-kit/output/client/_app/immutable/nodes/19.7f4d151e.js                      9.72 kB │ gzip:   4.07 kB
.svelte-kit/output/client/_app/immutable/nodes/22.9945be5e.js                      9.74 kB │ gzip:   3.89 kB
.svelte-kit/output/client/_app/immutable/nodes/0.54c0416a.js                      10.53 kB │ gzip:   4.69 kB
.svelte-kit/output/client/_app/immutable/nodes/3.b7857259.js                      11.15 kB │ gzip:   4.37 kB
.svelte-kit/output/client/_app/immutable/nodes/7.7e42e371.js                      15.17 kB │ gzip:   5.38 kB
.svelte-kit/output/client/_app/immutable/entry/app.d0352585.js                    19.46 kB │ gzip:   3.42 kB
.svelte-kit/output/client/_app/immutable/nodes/11.d18436f2.js                     20.25 kB │ gzip:   6.80 kB
.svelte-kit/output/client/_app/immutable/nodes/6.47ff3ebf.js                      23.75 kB │ gzip:   7.91 kB
.svelte-kit/output/client/_app/immutable/entry/start.5081b818.js                  25.31 kB │ gzip:   9.98 kB
.svelte-kit/output/client/_app/immutable/chunks/Navigation.235c6460.js            27.81 kB │ gzip:   4.92 kB
.svelte-kit/output/client/_app/immutable/nodes/14.d328fe06.js                     31.32 kB │ gzip:  10.36 kB
.svelte-kit/output/client/_app/immutable/nodes/5.944b2053.js                      36.78 kB │ gzip:  11.07 kB
.svelte-kit/output/client/_app/immutable/nodes/21.c2a254df.js                     37.44 kB │ gzip:  10.99 kB
.svelte-kit/output/client/_app/immutable/nodes/20.19a750e6.js                     38.35 kB │ gzip:  12.48 kB
.svelte-kit/output/client/_app/immutable/nodes/18.1aed3ae7.js                     56.85 kB │ gzip:  18.58 kB
.svelte-kit/output/client/_app/immutable/nodes/17.92fae597.js                     62.38 kB │ gzip:  21.11 kB
.svelte-kit/output/client/_app/immutable/chunks/store.b840da41.js                 76.24 kB │ gzip:  25.41 kB
.svelte-kit/output/client/_app/immutable/chunks/BarcodeScanner.2f26d566.js       396.98 kB │ gzip: 103.36 kB
.svelte-kit/output/client/_app/immutable/chunks/firebase.3048bb85.js             466.11 kB │ gzip: 110.83 kB
.svelte-kit/output/client/_app/immutable/chunks/background-removal.e2ff5f35.js   709.03 kB │ gzip: 170.39 kB

(!) Some chunks are larger than 500 kBs after minification. Consider:
- Using dynamic import() to code-split the application
- Use build.rollupOptions.output.manualChunks to improve chunking: https://rollupjs.org/configuration-options/#output-manualchunks
- Adjust chunk size limit for this warning via build.chunkSizeWarningLimit.
✓ built in 8.63s
@0 Δ0 Beginning of time @ Wed Jan 07 2026 19:49:09 GMT-0500 (Eastern Standard Time)
.svelte-kit/output/server/.vite/manifest.json                                15.34 kB
.svelte-kit/output/server/_app/immutable/assets/BarcodeScanner.96e43f48.css   0.07 kB
.svelte-kit/output/server/_app/immutable/assets/_page.6239f5c5.css            0.13 kB
.svelte-kit/output/server/_app/immutable/assets/OrderRow.3d773ba5.css         0.17 kB
.svelte-kit/output/server/_app/immutable/assets/_page.5b5d183b.css            0.17 kB
.svelte-kit/output/server/_app/immutable/assets/_page.3e40446a.css            0.19 kB
.svelte-kit/output/server/_app/immutable/assets/_page.35efb53e.css            0.24 kB
.svelte-kit/output/server/_app/immutable/assets/_page.6f05e2e3.css            0.31 kB
.svelte-kit/output/server/_app/immutable/assets/ImageThumbnail.5f6f7830.css   0.65 kB
.svelte-kit/output/server/_app/immutable/assets/_page.d7a23603.css            0.67 kB
.svelte-kit/output/server/_app/immutable/assets/SubtypeRow.917109d4.css       0.74 kB
.svelte-kit/output/server/_app/immutable/assets/_page.a93fa16a.css            0.80 kB
.svelte-kit/output/server/_app/immutable/assets/_layout.769d9bd8.css          1.84 kB
.svelte-kit/output/server/_app/immutable/assets/Navigation.9a8517b5.css       1.86 kB
.svelte-kit/output/server/_app/immutable/assets/_page.e55845f9.css            1.94 kB
.svelte-kit/output/server/_app/immutable/assets/_page.36402baf.css            2.05 kB
.svelte-kit/output/server/_app/immutable/assets/_page.844cabcf.css            2.22 kB
.svelte-kit/output/server/_app/immutable/assets/_page.ed20bc6c.css            2.41 kB
.svelte-kit/output/server/_app/immutable/assets/_page.8a42b11b.css            3.66 kB
.svelte-kit/output/server/_app/immutable/assets/_page.1aeeac48.css            4.02 kB
.svelte-kit/output/server/_app/immutable/assets/_page.bcacec94.css            4.13 kB
.svelte-kit/output/server/_app/immutable/assets/_page.9a6c9bbe.css            4.20 kB
.svelte-kit/output/server/_app/immutable/assets/_page.af79e0c4.css            4.76 kB
.svelte-kit/output/server/_app/immutable/assets/_page.24eac696.css            8.66 kB
.svelte-kit/output/server/chunks/globals.js                                   0.09 kB
.svelte-kit/output/server/internal.js                                         0.19 kB
.svelte-kit/output/server/chunks/user-store.js                                0.34 kB
.svelte-kit/output/server/entries/pages/_layout.ts.js                         0.45 kB
.svelte-kit/output/server/entries/fallbacks/error.svelte.js                   0.47 kB
.svelte-kit/output/server/chunks/stores.js                                    0.52 kB
.svelte-kit/output/server/chunks/devtools-middleware.js                       1.09 kB
.svelte-kit/output/server/chunks/redux-firestore.js                           1.12 kB
.svelte-kit/output/server/entries/pages/archives/_page.svelte.js              1.21 kB
.svelte-kit/output/server/chunks/BarcodeScanner.js                            1.32 kB
.svelte-kit/output/server/chunks/index.js                                     1.33 kB
.svelte-kit/output/server/chunks/Signin.js                                    1.34 kB
.svelte-kit/output/server/entries/pages/test-edit/_page.svelte.js             1.40 kB
.svelte-kit/output/server/chunks/ComboBox.js                                  1.55 kB
.svelte-kit/output/server/entries/pages/names/_page.svelte.js                 1.63 kB
.svelte-kit/output/server/entries/pages/itemhistory/_page.svelte.js           1.72 kB
.svelte-kit/output/server/chunks/firebase.js                                  1.84 kB
.svelte-kit/output/server/entries/pages/shows/_page.svelte.js                 2.13 kB
.svelte-kit/output/server/entries/pages/payments/_page.svelte.js              2.24 kB
.svelte-kit/output/server/chunks/google-photos.js                             2.38 kB
.svelte-kit/output/server/entries/pages/jancodes/_page.svelte.js              2.41 kB
.svelte-kit/output/server/chunks/ImageThumbnail.js                            2.47 kB
.svelte-kit/output/server/entries/pages/subtypes/_page.svelte.js              2.52 kB
.svelte-kit/output/server/entries/pages/account/_page.svelte.js               2.70 kB
.svelte-kit/output/server/entries/pages/orders/_page.svelte.js                3.07 kB
.svelte-kit/output/server/chunks/action-cache.js                              3.25 kB
.svelte-kit/output/server/entries/pages/inventory/_page.svelte.js             3.65 kB
.svelte-kit/output/server/entries/pages/_layout.svelte.js                     3.67 kB
.svelte-kit/output/server/entries/pages/sku-review/_page.svelte.js            4.45 kB
.svelte-kit/output/server/chunks/SubtypeRow.js                                4.62 kB
.svelte-kit/output/server/entries/pages/scanner/_page.svelte.js               4.79 kB
.svelte-kit/output/server/chunks/SecureImage.js                               4.93 kB
.svelte-kit/output/server/chunks/Icon.js                                      5.03 kB
.svelte-kit/output/server/entries/pages/_page.svelte.js                       5.24 kB
.svelte-kit/output/server/entries/pages/csv/_page.svelte.js                   5.63 kB
.svelte-kit/output/server/chunks/internal.js                                  5.67 kB
.svelte-kit/output/server/entries/pages/order/_page.svelte.js                 5.72 kB
.svelte-kit/output/server/chunks/background-removal.js                        6.04 kB
.svelte-kit/output/server/entries/pages/devtools/_page.svelte.js              6.74 kB
.svelte-kit/output/server/chunks/ssr.js                                       8.37 kB
.svelte-kit/output/server/entries/pages/order-import/_page.svelte.js          8.84 kB
.svelte-kit/output/server/entries/pages/audit/_page.svelte.js                10.08 kB
.svelte-kit/output/server/entries/pages/shopify-import/_page.svelte.js       13.06 kB
.svelte-kit/output/server/entries/pages/shopify-products/_page.svelte.js     14.10 kB
.svelte-kit/output/server/entries/pages/listing-detail/_page.svelte.js       16.84 kB
.svelte-kit/output/server/entries/pages/photos/_page.svelte.js               28.85 kB
.svelte-kit/output/server/entries/pages/photo-history/_page.svelte.js        31.00 kB
.svelte-kit/output/server/chunks/store.js                                    63.54 kB
.svelte-kit/output/server/index.js                                           91.92 kB

Run npm run preview to preview your production build locally.

> Using @sveltejs/adapter-static
  Wrote site to "build"
  ✔ done
✓ built in 12.35s

▶️  Running Playwright tests...
[WebServer] 

Running 1 test using 1 worker

✓ Created test user in Auth emulator: test-1767833351443@example.com
📸 Capturing screenshot 0: 000-connect.png
   ✓ Running programmatic verification...
      > Verifying: Navigate to Photos page
  ✘  1 [chromium] › e2e/014-photos/photos.spec.ts:10:3 › Google Photos Integration › should allow connecting and selecting photos via Picker (5.2s)


  1) [chromium] › e2e/014-photos/photos.spec.ts:10:3 › Google Photos Integration › should allow connecting and selecting photos via Picker 

    Error: [2mexpect([22m[31mlocator[39m[2m).[22mtoContainText[2m([22m[32mexpected[39m[2m)[22m failed

    Locator: locator('h1')
    Expected substring: [32m"Google Photos Picker"[39m
    Timeout: 5000ms
    Error: element(s) not found

    Call log:
    [2m  - Expect "toContainText" with timeout 5000ms[22m
    [2m  - waiting for locator('h1')[22m
    [2m    4 × locator resolved to <h1 class="text-3xl font-bold text-gray-800">Google Photos Import</h1>[22m
    [2m      - unexpected value "Google Photos Import"[22m


      90 |             check: async () => {
      91 |                 await page.goto('/photos');
    > 92 |                 await expect(page.locator('h1')).toContainText('Google Photos Picker');
         |                                                  ^
      93 |             }
      94 |         },
      95 |         {
        at Object.check (/Users/anicolao/projects/antigravity/admin2/e2e/014-photos/photos.spec.ts:92:50)
        at programmaticCheck (/Users/anicolao/projects/antigravity/admin2/e2e/helpers/flow-helper.ts:50:11)
        at Object.capture (/Users/anicolao/projects/antigravity/admin2/e2e/helpers/screenshot-helper.ts:67:9)
        at FlowHelper.step (/Users/anicolao/projects/antigravity/admin2/e2e/helpers/flow-helper.ts:45:5)
        at /Users/anicolao/projects/antigravity/admin2/e2e/014-photos/photos.spec.ts:87:5

    attachment #1: screenshot (image/png) ──────────────────────────────────────────────────────────
    test-results/014-photos-photos-Google-P-8d9d7-selecting-photos-via-Picker-chromium/test-failed-1.png
    ────────────────────────────────────────────────────────────────────────────────────────────────

    attachment #2: video (video/webm) ──────────────────────────────────────────────────────────────
    test-results/014-photos-photos-Google-P-8d9d7-selecting-photos-via-Picker-chromium/video.webm
    ────────────────────────────────────────────────────────────────────────────────────────────────

    Error Context: test-results/014-photos-photos-Google-P-8d9d7-selecting-photos-via-Picker-chromium/error-context.md

  1 failed
    [chromium] › e2e/014-photos/photos.spec.ts:10:3 › Google Photos Integration › should allow connecting and selecting photos via Picker 

  Serving HTML report at http://localhost:51212. Press Ctrl+C to quit.
